Processing esp32dev (platform: espressif32; board: esp32dev; framework: arduino)
--------------------------------------------------------------------------------
Verbose mode can be enabled via `-v, --verbose` option
CONFIGURATION: https://docs.platformio.org/page/boards/espressif32/esp32dev.html
PLATFORM: Espressif 32 (6.12.0) > Espressif ESP32 Dev Module
HARDWARE: ESP32 240MHz, 320KB RAM, 4MB Flash
DEBUG: Current (cmsis-dap) External (cmsis-dap, esp-bridge, esp-prog, iot-bus-jtag, jlink, minimodule, olimex-arm-usb-ocd, olimex-arm-usb-ocd-h, olimex-arm-usb-tiny-h, olimex-jtag-tiny, tumpa)
PACKAGES: 
 - framework-arduinoespressif32 @ 3.20017.241212+sha.dcc1105b 
 - tool-esptoolpy @ 2.40900.250804 (4.9.0) 
 - toolchain-xtensa-esp32 @ 8.4.0+2021r2-patch5
LDF: Library Dependency Finder -> https://bit.ly/configure-pio-ldf
LDF Modes: Finder ~ chain, Compatibility ~ soft
Found 37 compatible libraries
Scanning dependencies...
Dependency Graph
|-- Blynk @ 1.3.2
|-- DHT sensor library @ 1.4.7
|-- Adafruit Unified Sensor @ 1.1.15
|-- WiFi @ 2.0.0
Building in release mode
Archiving .pio\build\esp32dev\lib86a\libWiFi.a
Archiving .pio\build\esp32dev\libacd\libBlynk.a
Archiving .pio\build\esp32dev\lib3d7\libAdafruit Unified Sensor.a
Compiling .pio\build\esp32dev\lib445\DHT sensor library\DHT_U.cpp.o
Compiling .pio\build\esp32dev\FrameworkArduino\Esp.cpp.o
Compiling .pio\build\esp32dev\FrameworkArduino\FirmwareMSC.cpp.o
Compiling .pio\build\esp32dev\FrameworkArduino\FunctionalInterrupt.cpp.o
Compiling .pio\build\esp32dev\FrameworkArduino\HWCDC.cpp.o
Compiling .pio\build\esp32dev\FrameworkArduino\HardwareSerial.cpp.o
Compiling .pio\build\esp32dev\FrameworkArduino\IPAddress.cpp.o
Compiling .pio\build\esp32dev\FrameworkArduino\IPv6Address.cpp.o
Compiling .pio\build\esp32dev\FrameworkArduino\MD5Builder.cpp.o
Compiling .pio\build\esp32dev\FrameworkArduino\Print.cpp.o
Archiving .pio\build\esp32dev\lib445\libDHT sensor library.a
Compiling .pio\build\esp32dev\FrameworkArduino\Stream.cpp.o
Compiling .pio\build\esp32dev\FrameworkArduino\StreamString.cpp.o
Compiling .pio\build\esp32dev\FrameworkArduino\Tone.cpp.o
Compiling .pio\build\esp32dev\FrameworkArduino\USB.cpp.o
Compiling .pio\build\esp32dev\FrameworkArduino\USBCDC.cpp.o
Compiling .pio\build\esp32dev\FrameworkArduino\USBMSC.cpp.o
Compiling .pio\build\esp32dev\FrameworkArduino\WMath.cpp.o
Compiling .pio\build\esp32dev\FrameworkArduino\WString.cpp.o
Compiling .pio\build\esp32dev\FrameworkArduino\base64.cpp.o
Compiling .pio\build\esp32dev\FrameworkArduino\cbuf.cpp.o
Compiling .pio\build\esp32dev\FrameworkArduino\esp32-hal-adc.c.o
Compiling .pio\build\esp32dev\FrameworkArduino\esp32-hal-bt.c.o
Compiling .pio\build\esp32dev\FrameworkArduino\esp32-hal-cpu.c.o
Compiling .pio\build\esp32dev\FrameworkArduino\esp32-hal-dac.c.o
Compiling .pio\build\esp32dev\FrameworkArduino\esp32-hal-gpio.c.o
Compiling .pio\build\esp32dev\FrameworkArduino\esp32-hal-i2c-slave.c.o
Compiling .pio\build\esp32dev\FrameworkArduino\esp32-hal-i2c.c.o
Compiling .pio\build\esp32dev\FrameworkArduino\esp32-hal-ledc.c.o
Compiling .pio\build\esp32dev\FrameworkArduino\esp32-hal-matrix.c.o
Compiling .pio\build\esp32dev\FrameworkArduino\esp32-hal-misc.c.o
Compiling .pio\build\esp32dev\FrameworkArduino\esp32-hal-psram.c.o
Compiling .pio\build\esp32dev\FrameworkArduino\esp32-hal-rgb-led.c.o
Compiling .pio\build\esp32dev\FrameworkArduino\esp32-hal-rmt.c.o
Compiling .pio\build\esp32dev\FrameworkArduino\esp32-hal-sigmadelta.c.o
Compiling .pio\build\esp32dev\FrameworkArduino\esp32-hal-spi.c.o
Compiling .pio\build\esp32dev\FrameworkArduino\esp32-hal-time.c.o
Compiling .pio\build\esp32dev\FrameworkArduino\esp32-hal-timer.c.o
Compiling .pio\build\esp32dev\FrameworkArduino\esp32-hal-tinyusb.c.o
Compiling .pio\build\esp32dev\FrameworkArduino\esp32-hal-touch.c.o
Compiling .pio\build\esp32dev\FrameworkArduino\esp32-hal-uart.c.o
Compiling .pio\build\esp32dev\FrameworkArduino\firmware_msc_fat.c.o
Compiling .pio\build\esp32dev\FrameworkArduino\libb64\cdecode.c.o
Compiling .pio\build\esp32dev\FrameworkArduino\libb64\cencode.c.o
Compiling .pio\build\esp32dev\FrameworkArduino\main.cpp.o
Compiling .pio\build\esp32dev\FrameworkArduino\stdlib_noniso.c.o
Compiling .pio\build\esp32dev\FrameworkArduino\wiring_pulse.c.o
Compiling .pio\build\esp32dev\FrameworkArduino\wiring_shift.c.o
Archiving .pio\build\esp32dev\libFrameworkArduino.a
pio.exe : c:\users\n\.platformio\packages\toolchain-xtensa-esp32\bin\../lib/gcc
/xtensa-esp32-elf/8.4.0/../../../../xtensa-esp32-elf/bin/ar.exe: 
.pio\build\esp32dev\FrameworkArduino\WString.cpp.o: No such file or directory
At line:1 char:11
+ $output = & "C:\Users\N\.platformio\penv\Scripts\pio.exe" run 2>&1; $ ...
+           ~~~~~~~~~~~~~~~~~~~~~~~~~~~~~~~~~~~~~~~~~~~~~~~~~~~~~~~~
    + CategoryInfo          : NotSpecified: (c:\users\n\.pla...le or directory 
   :String) [], RemoteException
    + FullyQualifiedErrorId : NativeCommandError
 
*** [.pio\build\esp32dev\libFrameworkArduino.a] Error 1
========================= [FAILED] Took 208.32 seconds 
=========================
